['Dashboard server [auth] [Login] ✅ success in normal context: Entry: user_name:"admin-user" password:"password2" 1']
SnapShot = """
{
  \"user_name\": \"admin-user\",
  \"expire_at\": {}
}
"""

['Dashboard server [auth] [Login] ✅ success in normal context: Entry: user_name:"ldap-user" password:"password" 1']
SnapShot = """
{
  \"user_name\": \"ldap-user\",
  \"expire_at\": {}
}
"""

['Dashboard server [auth] [Login] ✅ success in normal context: Entry: user_name:"normal-user" password:"password1" 1']
SnapShot = """
{
  \"user_name\": \"normal-user\",
  \"expire_at\": {}
}
"""

['Dashboard server [auth] [Login] ❌ fail with invalid request: Entry: password:"password1" 1']
SnapShot = 'permission_denied: incorrect user or password'

['Dashboard server [auth] [Login] ❌ fail with invalid request: Entry: user_name:"ldap-user" password:"invalid" 1']
SnapShot = 'permission_denied: incorrect user or password'

['Dashboard server [auth] [Login] ❌ fail with invalid request: Entry: user_name:"normal-user" 1']
SnapShot = 'permission_denied: incorrect user or password'

['Dashboard server [auth] [Login] ❌ fail with invalid request: Entry: user_name:"normal-user" password:"invalid" 1']
SnapShot = 'permission_denied: incorrect user or password'

['Dashboard server [auth] [Login] ❌ fail with invalid request: Entry: user_name:"xxxxxxx" password:"password1" 1']
SnapShot = 'permission_denied: incorrect user or password'

['Dashboard server [auth] [Logout] ✅ success in normal context: Entry: logined session 1']
SnapShot = """
{}
"""

['Dashboard server [auth] [Logout] ✅ success in normal context: Entry: logined session 2']
SnapShot = 'test-server=; Path=/; Domain=test.domain; Max-Age=0; HttpOnly; SameSite=Lax'

['Dashboard server [auth] [Logout] ❌ fail with invalid request: Entry: logouted session 1']
SnapShot = 'unauthenticated: failed to get session from store'

['Dashboard server [auth] [Logout] ❌ fail with invalid request: Entry: nil session 1']
SnapShot = 'unauthenticated: session is not found'

['Dashboard server [auth] [Verify] ✅ success in normal context: Entry: logined session 1']
SnapShot = """
{
  \"user_name\": \"normal-user\",
  \"expire_at\": {}
}
"""

['Dashboard server [auth] [Verify] ❌ fail with invalid request: Entry: logouted session 1']
SnapShot = 'unauthenticated: failed to get session from store'

['Dashboard server [auth] [Verify] ❌ fail with invalid request: Entry: nil session 1']
SnapShot = 'unauthenticated: session is not found'
