['Workspace webhook when creating workspace should pass with defaulting networking 1']
SnapShot = """
{
  \"kind\": \"Workspace\",
  \"apiVersion\": \"cosmo-workspace.github.io/v1alpha1\",
  \"metadata\": {
    \"name\": \"testws1\",
    \"namespace\": \"cosmo-user-testuser-ws\",
    \"creationTimestamp\": null
  },
  \"spec\": {
    \"template\": {
      \"name\": \"code-server-test2\"
    },
    \"replicas\": 1,
    \"vars\": {
      \"DOMAIN\": \"example.com\",
      \"IMAGE_TAG\": \"latest\"
    },
    \"network\": [
      {
        \"protocol\": \"http\",
        \"portNumber\": 8080,
        \"customHostPrefix\": \"main\",
        \"httpPath\": \"/\",
        \"public\": false
      }
    ]
  },
  \"status\": {
    \"instance\": {},
    \"config\": {}
  }
}
"""

['Workspace webhook when creating workspace within non user namespace should deny 1']
SnapShot = """
{
  \"ErrStatus\": {
    \"metadata\": {},
    \"status\": \"Failure\",
    \"message\": \"namespaces \\\"cosmo-user-xxxxxx\\\" not found\",
    \"reason\": \"NotFound\",
    \"details\": {
      \"name\": \"cosmo-user-xxxxxx\",
      \"kind\": \"namespaces\"
    },
    \"code\": 404
  }
}
"""

['Workspace webhook when creating workspace without replica should pass and defaulting replica 1']
SnapShot = """
{
  \"kind\": \"Workspace\",
  \"apiVersion\": \"cosmo-workspace.github.io/v1alpha1\",
  \"metadata\": {
    \"name\": \"testws3\",
    \"namespace\": \"cosmo-user-testuser-ws\",
    \"creationTimestamp\": null
  },
  \"spec\": {
    \"template\": {
      \"name\": \"code-server-test2\"
    },
    \"replicas\": 1,
    \"vars\": {
      \"DOMAIN\": \"example.com\",
      \"IMAGE_TAG\": \"latest\"
    },
    \"network\": [
      {
        \"protocol\": \"http\",
        \"portNumber\": 8080,
        \"customHostPrefix\": \"main\",
        \"httpPath\": \"/\",
        \"public\": false
      }
    ]
  },
  \"status\": {
    \"instance\": {},
    \"config\": {}
  }
}
"""

['Workspace webhook when creating workspace without workspace label should deny 1']
SnapShot = """
{
  \"ErrStatus\": {
    \"metadata\": {},
    \"status\": \"Failure\",
    \"message\": \"admission webhook \\\"mworkspace.kb.io\\\" denied the request: failed to get config from template: not type workspace\",
    \"code\": 400
  }
}
"""

['Workspace webhook when creating workspace ❌ fail with duplicated network rule group and path 1']
SnapShot = """
{
  \"ErrStatus\": {
    \"metadata\": {},
    \"status\": \"Failure\",
    \"message\": \"workspaces.cosmo-workspace.github.io \\\"testws6\\\" already exists\",
    \"reason\": \"AlreadyExists\",
    \"details\": {
      \"name\": \"testws6\",
      \"group\": \"cosmo-workspace.github.io\",
      \"kind\": \"workspaces\"
    },
    \"code\": 409
  }
}
"""

['Workspace webhook when creating workspace ❌ fail with duplicated network rule host and path 1']
SnapShot = """
{
  \"ErrStatus\": {
    \"metadata\": {},
    \"status\": \"Failure\",
    \"message\": \"workspaces.cosmo-workspace.github.io \\\"testws6\\\" already exists\",
    \"reason\": \"AlreadyExists\",
    \"details\": {
      \"name\": \"testws6\",
      \"group\": \"cosmo-workspace.github.io\",
      \"kind\": \"workspaces\"
    },
    \"code\": 409
  }
}
"""

['Workspace webhook when creating workspace ❌ fail with duplicated network rule name 1']
SnapShot = """
{
  \"ErrStatus\": {
    \"metadata\": {},
    \"status\": \"Failure\",
    \"message\": \"admission webhook \\\"vworkspace.kb.io\\\" denied the request: network rules check failed: duplicate network rules: {\\\"protocol\\\":\\\"http\\\",\\\"portNumber\\\":2222,\\\"customHostPrefix\\\":\\\"nw1\\\",\\\"httpPath\\\":\\\"/\\\",\\\"public\\\":false}\",
    \"code\": 403
  }
}
"""

['Workspace webhook when creating workspace ❌ fail with invalid port name 1']
SnapShot = """
null
"""

['Workspace webhook when creating workspace ❌ fail with invalid port number 1']
SnapShot = """
{
  \"ErrStatus\": {
    \"metadata\": {},
    \"status\": \"Failure\",
    \"message\": \"admission webhook \\\"vworkspace.kb.io\\\" denied the request: network rules check failed: port validation failed: port=0\",
    \"code\": 403
  }
}
"""
