['help should match snapshot 1']
SnapShot = """
Update cosmo resources

Usage:
   update [command]

Available Commands:
  network     Upsert workspace network. Alias of 'cosmoctl workspace upsert-network'
  user        Update user. Alias of 'cosmoctl user update'
  workspace   Update workspace. Alias of 'cosmoctl workspace update'

Flags:
  -h, --help   help for update

Use \" update [command] --help\" for more information about a command.
"""
