['help should match snapshot 1']
SnapShot = """
Start stopped workspaces

Usage:
   resume [command]

Aliases:
  resume, start, run

Available Commands:
  workspace   Resume workspaces. Alias of 'cosmoctl workspace resume'

Flags:
  -h, --help   help for resume

Use \" resume [command] --help\" for more information about a command.
"""
