['Workspace controller when creating a Workspace resource should do reconcile once and create Instance resources 1']
SnapShot = """
{
  \"metadata\": {
    \"name\": \"ws-test\",
    \"namespace\": \"cosmo-user-wsctltest\",
    \"creationTimestamp\": null,
    \"ownerReferences\": [
      {
        \"apiVersion\": \"cosmo-workspace.github.io/v1alpha1\",
        \"kind\": \"Workspace\",
        \"name\": \"ws-test\",
        \"uid\": \"\",
        \"controller\": true,
        \"blockOwnerDeletion\": true
      }
    ]
  },
  \"spec\": {
    \"template\": {
      \"name\": \"code-server-test\"
    },
    \"vars\": {
      \"{{DOMAIN}}\": \"example.com\",
      \"{{IMAGE_TAG}}\": \"latest\",
      \"{{USER}}\": \"wsctltest\",
      \"{{WORKSPACE_DEPLOYMENT_NAME}}\": \"ws-dep\",
      \"{{WORKSPACE_SERVICE_NAME}}\": \"ws-svc\",
      \"{{WORKSPACE}}\": \"ws-test\"
    },
    \"override\": {
      \"patchesJson6902\": [
        {
          \"target\": {
            \"kind\": \"Service\",
            \"name\": \"ws-svc\",
            \"apiVersion\": \"v1\"
          },
          \"patch\": \"[{\\\"op\\\": \\\"replace\\\",\\\"path\\\": \\\"/spec/ports\\\",\\\"value\\\": []}]\"
        },
        {
          \"target\": {
            \"kind\": \"Deployment\",
            \"name\": \"ws-dep\",
            \"apiVersion\": \"apps/v1\"
          },
          \"patch\": \"[{\\\"op\\\": \\\"replace\\\",\\\"path\\\": \\\"/spec/replicas\\\",\\\"value\\\": 1}]\"
        }
      ]
    }
  },
  \"status\": {}
}
"""

['Workspace controller when creating a Workspace resource should do reconcile once and create Instance resources 2']
SnapShot = """
{
  \"metadata\": {
    \"name\": \"ws-test\",
    \"namespace\": \"cosmo-user-wsctltest\",
    \"creationTimestamp\": null,
    \"labels\": {
      \"cosmo-workspace.github.io/controller-managed\": \"1\"
    },
    \"ownerReferences\": [
      {
        \"apiVersion\": \"cosmo-workspace.github.io/v1alpha1\",
        \"kind\": \"Workspace\",
        \"name\": \"ws-test\",
        \"uid\": \"\",
        \"controller\": true,
        \"blockOwnerDeletion\": true
      }
    ]
  },
  \"spec\": {
    \"routes\": [],
    \"entryPoints\": [
      \"web\",
      \"websecure\"
    ]
  }
}
"""

['Workspace controller when updating Workspace spec should do reconcile again and update child Instance 1']
SnapShot = """
{
  \"metadata\": {
    \"name\": \"ws-test\",
    \"namespace\": \"cosmo-user-wsctltest\",
    \"creationTimestamp\": null,
    \"ownerReferences\": [
      {
        \"apiVersion\": \"cosmo-workspace.github.io/v1alpha1\",
        \"kind\": \"Workspace\",
        \"name\": \"ws-test\",
        \"uid\": \"\",
        \"controller\": true,
        \"blockOwnerDeletion\": true
      }
    ]
  },
  \"spec\": {
    \"template\": {
      \"name\": \"code-server-test\"
    },
    \"vars\": {
      \"{{DOMAIN}}\": \"example.com\",
      \"{{IMAGE_TAG}}\": \"latest\",
      \"{{USER}}\": \"wsctltest\",
      \"{{WORKSPACE_DEPLOYMENT_NAME}}\": \"ws-dep\",
      \"{{WORKSPACE_SERVICE_NAME}}\": \"ws-svc\",
      \"{{WORKSPACE}}\": \"ws-test\"
    },
    \"override\": {
      \"patchesJson6902\": [
        {
          \"target\": {
            \"kind\": \"Service\",
            \"name\": \"ws-svc\",
            \"apiVersion\": \"v1\"
          },
          \"patch\": \"[{\\\"op\\\": \\\"replace\\\",\\\"path\\\": \\\"/spec/ports\\\",\\\"value\\\": [{\\\"name\\\":\\\"port3000\\\",\\\"protocol\\\":\\\"TCP\\\",\\\"port\\\":3000,\\\"targetPort\\\":30000}]}]\"
        },
        {
          \"target\": {
            \"kind\": \"Deployment\",
            \"name\": \"ws-dep\",
            \"apiVersion\": \"apps/v1\"
          },
          \"patch\": \"[{\\\"op\\\": \\\"replace\\\",\\\"path\\\": \\\"/spec/replicas\\\",\\\"value\\\": 0}]\"
        }
      ]
    }
  },
  \"status\": {}
}
"""

['Workspace controller when updating Workspace spec should do reconcile again and update child Instance 2']
SnapShot = """
{
  \"metadata\": {
    \"name\": \"ws-test\",
    \"namespace\": \"cosmo-user-wsctltest\",
    \"creationTimestamp\": null,
    \"labels\": {
      \"cosmo-workspace.github.io/controller-managed\": \"1\"
    },
    \"ownerReferences\": [
      {
        \"apiVersion\": \"cosmo-workspace.github.io/v1alpha1\",
        \"kind\": \"Workspace\",
        \"name\": \"ws-test\",
        \"uid\": \"\",
        \"controller\": true,
        \"blockOwnerDeletion\": true
      }
    ]
  },
  \"spec\": {
    \"routes\": [
      {
        \"match\": \"Host(`port1-ws-test-wsctltest.domain`) \\u0026\\u0026 PathPrefix(`/path`)\",
        \"kind\": \"Rule\",
        \"priority\": 100,
        \"services\": [
          {
            \"name\": \"ws-test-ws-svc\",
            \"kind\": \"Service\",
            \"port\": 3000,
            \"scheme\": \"http\"
          }
        ],
        \"middlewares\": [
          {
            \"name\": \"userNameHeader\"
          },
          {
            \"name\": \"cosmo-auth\",
            \"namespace\": \"cosmo-system\"
          }
        ]
      }
    ],
    \"entryPoints\": [
      \"web\",
      \"websecure\"
    ]
  }
}
"""
