['help should match snapshot 1']
SnapShot = """
Delete cosmo resources

Usage:
   delete [command]

Aliases:
  delete, rm, remove

Available Commands:
  network     Remove workspace network. Alias of 'cosmoctl workspace remove-network'
  user        Delete users. Alias of 'cosmoctl user delete'
  workspace   Delete workspaces. Alias of 'cosmoctl workspace delete'

Flags:
  -h, --help   help for delete

Use \" delete [command] --help\" for more information about a command.
"""
